// Jest Snapshot v1, https://goo.gl/fbAQLP

exports[`Label renders correctly 1`] = `
{
  "asFragment": [Function],
  "baseElement": .c1 {
  color: #3c3c3c;
  font-family: "Avenir Next",-apple-system,BlinkMacSystemFont,"Segoe UI", "Roboto","Oxygen","Ubuntu","Cantarell","Fira Sans","Droid Sans", "Helvetica Neue",sans-serif;
  font-size: 14px;
  font-weight: 600;
  -webkit-letter-spacing: 0px;
  -moz-letter-spacing: 0px;
  -ms-letter-spacing: 0px;
  letter-spacing: 0px;
  line-height: 19px;
  margin-bottom: 6px;
  margin-right: 6px;
  text-align: left;
}

.c0 {
  display: -webkit-box;
  display: -webkit-flex;
  display: -ms-flexbox;
  display: flex;
  height: -webkit-fit-content;
  height: -moz-fit-content;
  height: fit-content;
  -webkit-box-pack: start;
  -webkit-justify-content: flex-start;
  -ms-flex-pack: start;
  justify-content: flex-start;
}

<body>
    <div>
      <div
        class="c0"
      >
        <label
          class="c1"
        >
          Title
        </label>
      </div>
    </div>
  </body>,
  "container": .c1 {
  color: #3c3c3c;
  font-family: "Avenir Next",-apple-system,BlinkMacSystemFont,"Segoe UI", "Roboto","Oxygen","Ubuntu","Cantarell","Fira Sans","Droid Sans", "Helvetica Neue",sans-serif;
  font-size: 14px;
  font-weight: 600;
  -webkit-letter-spacing: 0px;
  -moz-letter-spacing: 0px;
  -ms-letter-spacing: 0px;
  letter-spacing: 0px;
  line-height: 19px;
  margin-bottom: 6px;
  margin-right: 6px;
  text-align: left;
}

.c0 {
  display: -webkit-box;
  display: -webkit-flex;
  display: -ms-flexbox;
  display: flex;
  height: -webkit-fit-content;
  height: -moz-fit-content;
  height: fit-content;
  -webkit-box-pack: start;
  -webkit-justify-content: flex-start;
  -ms-flex-pack: start;
  justify-content: flex-start;
}

<div>
    <div
      class="c0"
    >
      <label
        class="c1"
      >
        Title
      </label>
    </div>
  </div>,
  "debug": [Function],
  "findAllByAltText": [Function],
  "findAllByDisplayValue": [Function],
  "findAllByLabelText": [Function],
  "findAllByPlaceholderText": [Function],
  "findAllByRole": [Function],
  "findAllByTestId": [Function],
  "findAllByText": [Function],
  "findAllByTitle": [Function],
  "findByAltText": [Function],
  "findByDisplayValue": [Function],
  "findByLabelText": [Function],
  "findByPlaceholderText": [Function],
  "findByRole": [Function],
  "findByTestId": [Function],
  "findByText": [Function],
  "findByTitle": [Function],
  "getAllByAltText": [Function],
  "getAllByDisplayValue": [Function],
  "getAllByLabelText": [Function],
  "getAllByPlaceholderText": [Function],
  "getAllByRole": [Function],
  "getAllByTestId": [Function],
  "getAllByText": [Function],
  "getAllByTitle": [Function],
  "getByAltText": [Function],
  "getByDisplayValue": [Function],
  "getByLabelText": [Function],
  "getByPlaceholderText": [Function],
  "getByRole": [Function],
  "getByTestId": [Function],
  "getByText": [Function],
  "getByTitle": [Function],
  "queryAllByAltText": [Function],
  "queryAllByDisplayValue": [Function],
  "queryAllByLabelText": [Function],
  "queryAllByPlaceholderText": [Function],
  "queryAllByRole": [Function],
  "queryAllByTestId": [Function],
  "queryAllByText": [Function],
  "queryAllByTitle": [Function],
  "queryByAltText": [Function],
  "queryByDisplayValue": [Function],
  "queryByLabelText": [Function],
  "queryByPlaceholderText": [Function],
  "queryByRole": [Function],
  "queryByTestId": [Function],
  "queryByText": [Function],
  "queryByTitle": [Function],
  "rerender": [Function],
  "unmount": [Function],
}
`;
